
main.elf:     file format elf32-avr

Sections:
Idx Name          Size      VMA       LMA       File off  Algn
  0 .data         0000002a  00800100  0000093a  000009ce  2**0
                  CONTENTS, ALLOC, LOAD, DATA
  1 .text         0000093a  00000000  00000000  00000094  2**1
                  CONTENTS, ALLOC, LOAD, READONLY, CODE
  2 .bss          0000002e  0080012a  0080012a  000009f8  2**0
                  ALLOC
  3 .stab         00000c84  00000000  00000000  000009f8  2**2
                  CONTENTS, READONLY, DEBUGGING
  4 .stabstr      00000f55  00000000  00000000  0000167c  2**0
                  CONTENTS, READONLY, DEBUGGING
  5 .comment      00000011  00000000  00000000  000025d1  2**0
                  CONTENTS, READONLY
  6 .note.gnu.avr.deviceinfo 0000003c  00000000  00000000  000025e4  2**2
                  CONTENTS, READONLY
  7 .debug_info   000005f4  00000000  00000000  00002620  2**0
                  CONTENTS, READONLY, DEBUGGING
  8 .debug_abbrev 000005a2  00000000  00000000  00002c14  2**0
                  CONTENTS, READONLY, DEBUGGING
  9 .debug_line   0000001a  00000000  00000000  000031b6  2**0
                  CONTENTS, READONLY, DEBUGGING
 10 .debug_str    00000208  00000000  00000000  000031d0  2**0
                  CONTENTS, READONLY, DEBUGGING

Disassembly of section .text:

00000000 <__vectors>:
   0:	0c 94 34 00 	jmp	0x68	; 0x68 <__ctors_end>
   4:	0c 94 51 00 	jmp	0xa2	; 0xa2 <__bad_interrupt>
   8:	0c 94 51 00 	jmp	0xa2	; 0xa2 <__bad_interrupt>
   c:	0c 94 51 00 	jmp	0xa2	; 0xa2 <__bad_interrupt>
  10:	0c 94 51 00 	jmp	0xa2	; 0xa2 <__bad_interrupt>
  14:	0c 94 51 00 	jmp	0xa2	; 0xa2 <__bad_interrupt>
  18:	0c 94 51 00 	jmp	0xa2	; 0xa2 <__bad_interrupt>
  1c:	0c 94 51 00 	jmp	0xa2	; 0xa2 <__bad_interrupt>
  20:	0c 94 51 00 	jmp	0xa2	; 0xa2 <__bad_interrupt>
  24:	0c 94 51 00 	jmp	0xa2	; 0xa2 <__bad_interrupt>
  28:	0c 94 51 00 	jmp	0xa2	; 0xa2 <__bad_interrupt>
  2c:	0c 94 51 00 	jmp	0xa2	; 0xa2 <__bad_interrupt>
  30:	0c 94 51 00 	jmp	0xa2	; 0xa2 <__bad_interrupt>
  34:	0c 94 51 00 	jmp	0xa2	; 0xa2 <__bad_interrupt>
  38:	0c 94 51 00 	jmp	0xa2	; 0xa2 <__bad_interrupt>
  3c:	0c 94 51 00 	jmp	0xa2	; 0xa2 <__bad_interrupt>
  40:	0c 94 51 00 	jmp	0xa2	; 0xa2 <__bad_interrupt>
  44:	0c 94 51 00 	jmp	0xa2	; 0xa2 <__bad_interrupt>
  48:	0c 94 51 00 	jmp	0xa2	; 0xa2 <__bad_interrupt>
  4c:	0c 94 51 00 	jmp	0xa2	; 0xa2 <__bad_interrupt>
  50:	0c 94 51 00 	jmp	0xa2	; 0xa2 <__bad_interrupt>
  54:	0c 94 51 00 	jmp	0xa2	; 0xa2 <__bad_interrupt>
  58:	0c 94 51 00 	jmp	0xa2	; 0xa2 <__bad_interrupt>
  5c:	0c 94 51 00 	jmp	0xa2	; 0xa2 <__bad_interrupt>
  60:	0c 94 51 00 	jmp	0xa2	; 0xa2 <__bad_interrupt>
  64:	0c 94 51 00 	jmp	0xa2	; 0xa2 <__bad_interrupt>

00000068 <__ctors_end>:
  68:	11 24       	eor	r1, r1
  6a:	1f be       	out	0x3f, r1	; 63
  6c:	cf ef       	ldi	r28, 0xFF	; 255
  6e:	d8 e0       	ldi	r29, 0x08	; 8
  70:	de bf       	out	0x3e, r29	; 62
  72:	cd bf       	out	0x3d, r28	; 61

00000074 <__do_copy_data>:
  74:	11 e0       	ldi	r17, 0x01	; 1
  76:	a0 e0       	ldi	r26, 0x00	; 0
  78:	b1 e0       	ldi	r27, 0x01	; 1
  7a:	ea e3       	ldi	r30, 0x3A	; 58
  7c:	f9 e0       	ldi	r31, 0x09	; 9
  7e:	02 c0       	rjmp	.+4      	; 0x84 <__do_copy_data+0x10>
  80:	05 90       	lpm	r0, Z+
  82:	0d 92       	st	X+, r0
  84:	aa 32       	cpi	r26, 0x2A	; 42
  86:	b1 07       	cpc	r27, r17
  88:	d9 f7       	brne	.-10     	; 0x80 <__do_copy_data+0xc>

0000008a <__do_clear_bss>:
  8a:	21 e0       	ldi	r18, 0x01	; 1
  8c:	aa e2       	ldi	r26, 0x2A	; 42
  8e:	b1 e0       	ldi	r27, 0x01	; 1
  90:	01 c0       	rjmp	.+2      	; 0x94 <.do_clear_bss_start>

00000092 <.do_clear_bss_loop>:
  92:	1d 92       	st	X+, r1

00000094 <.do_clear_bss_start>:
  94:	a8 35       	cpi	r26, 0x58	; 88
  96:	b2 07       	cpc	r27, r18
  98:	e1 f7       	brne	.-8      	; 0x92 <.do_clear_bss_loop>
  9a:	0e 94 c1 00 	call	0x182	; 0x182 <main>
  9e:	0c 94 9b 04 	jmp	0x936	; 0x936 <_exit>

000000a2 <__bad_interrupt>:
  a2:	0c 94 00 00 	jmp	0	; 0x0 <__vectors>

000000a6 <USART0Init>:

// initialize the UART.  Baud rate set in uart.h
void USART0Init(void)
{
  // Set baud rate
  UBRR0H = (uint8_t)(UBRR_VALUE>>8);
  a6:	10 92 c5 00 	sts	0x00C5, r1	; 0x8000c5 <__TEXT_REGION_LENGTH__+0x7f80c5>
  UBRR0L = (uint8_t)UBRR_VALUE;
  aa:	87 e6       	ldi	r24, 0x67	; 103
  ac:	80 93 c4 00 	sts	0x00C4, r24	; 0x8000c4 <__TEXT_REGION_LENGTH__+0x7f80c4>
  // Set frame format to 8 data bits, no parity, 1 stop bit
  UCSR0C |= (1<<UCSZ01)|(1<<UCSZ00);
  b0:	e2 ec       	ldi	r30, 0xC2	; 194
  b2:	f0 e0       	ldi	r31, 0x00	; 0
  b4:	80 81       	ld	r24, Z
  b6:	86 60       	ori	r24, 0x06	; 6
  b8:	80 83       	st	Z, r24
  //enable transmission and reception
  UCSR0B |= (1<<RXEN0)|(1<<TXEN0);
  ba:	e1 ec       	ldi	r30, 0xC1	; 193
  bc:	f0 e0       	ldi	r31, 0x00	; 0
  be:	80 81       	ld	r24, Z
  c0:	88 61       	ori	r24, 0x18	; 24
  c2:	80 83       	st	Z, r24
  c4:	08 95       	ret

000000c6 <USART0SendByte>:
}

// send a byte.  stream is provided for stdio compatibility
// and may be NULL
int USART0SendByte(char u8Data, FILE *stream)
{
  c6:	cf 93       	push	r28
  c8:	c8 2f       	mov	r28, r24
  if(u8Data == '\n')
  ca:	8a 30       	cpi	r24, 0x0A	; 10
  cc:	19 f4       	brne	.+6      	; 0xd4 <USART0SendByte+0xe>
    {
      USART0SendByte('\r', stream);
  ce:	8d e0       	ldi	r24, 0x0D	; 13
  d0:	0e 94 63 00 	call	0xc6	; 0xc6 <USART0SendByte>
    }
  //wait while previous byte is completed
  while(!(UCSR0A&(1<<UDRE0))){};
  d4:	80 91 c0 00 	lds	r24, 0x00C0	; 0x8000c0 <__TEXT_REGION_LENGTH__+0x7f80c0>
  d8:	85 ff       	sbrs	r24, 5
  da:	fc cf       	rjmp	.-8      	; 0xd4 <USART0SendByte+0xe>
  // Transmit data
  UDR0 = u8Data;
  dc:	c0 93 c6 00 	sts	0x00C6, r28	; 0x8000c6 <__TEXT_REGION_LENGTH__+0x7f80c6>
  return 0;
}
  e0:	80 e0       	ldi	r24, 0x00	; 0
  e2:	90 e0       	ldi	r25, 0x00	; 0
  e4:	cf 91       	pop	r28
  e6:	08 95       	ret

000000e8 <USART0CharacterAvailable>:


// return true if a character is available for input
int USART0CharacterAvailable()
{
  return (UCSR0A&(1<<RXC0));
  e8:	80 91 c0 00 	lds	r24, 0x00C0	; 0x8000c0 <__TEXT_REGION_LENGTH__+0x7f80c0>
  ec:	80 78       	andi	r24, 0x80	; 128
}
  ee:	90 e0       	ldi	r25, 0x00	; 0
  f0:	08 95       	ret

000000f2 <USART0ReceiveByte>:
// receive a byte, block in none available
// argument is ignored
// echo character
// convert <CR> to <LF>
int USART0ReceiveByte( FILE *stream)
{
  f2:	cf 93       	push	r28
  unsigned char c;
  // Wait for byte to be received
  while(!(UCSR0A&(1<<RXC0))){};
  f4:	80 91 c0 00 	lds	r24, 0x00C0	; 0x8000c0 <__TEXT_REGION_LENGTH__+0x7f80c0>
  f8:	87 ff       	sbrs	r24, 7
  fa:	fc cf       	rjmp	.-8      	; 0xf4 <USART0ReceiveByte+0x2>
  // Return received data
  c = UDR0;
  fc:	c0 91 c6 00 	lds	r28, 0x00C6	; 0x8000c6 <__TEXT_REGION_LENGTH__+0x7f80c6>
  USART0SendByte( c, NULL);
 100:	60 e0       	ldi	r22, 0x00	; 0
 102:	70 e0       	ldi	r23, 0x00	; 0
 104:	8c 2f       	mov	r24, r28
 106:	0e 94 63 00 	call	0xc6	; 0xc6 <USART0SendByte>
  if(c == '\r') {
 10a:	cd 30       	cpi	r28, 0x0D	; 13
 10c:	31 f4       	brne	.+12     	; 0x11a <USART0ReceiveByte+0x28>
    c = '\n';
    USART0SendByte( c, NULL);
 10e:	60 e0       	ldi	r22, 0x00	; 0
 110:	70 e0       	ldi	r23, 0x00	; 0
 112:	8a e0       	ldi	r24, 0x0A	; 10
 114:	0e 94 63 00 	call	0xc6	; 0xc6 <USART0SendByte>
  while(!(UCSR0A&(1<<RXC0))){};
  // Return received data
  c = UDR0;
  USART0SendByte( c, NULL);
  if(c == '\r') {
    c = '\n';
 118:	ca e0       	ldi	r28, 0x0A	; 10
    USART0SendByte( c, NULL);
  }
  return c;
}
 11a:	8c 2f       	mov	r24, r28
 11c:	90 e0       	ldi	r25, 0x00	; 0
 11e:	cf 91       	pop	r28
 120:	08 95       	ret

00000122 <USART0GetString>:
 122:	ef 92       	push	r14
 124:	ff 92       	push	r15
 126:	0f 93       	push	r16
 128:	1f 93       	push	r17
 12a:	cf 93       	push	r28
 12c:	df 93       	push	r29
 12e:	7c 01       	movw	r14, r24
 130:	ec 01       	movw	r28, r24
 132:	80 e0       	ldi	r24, 0x00	; 0
 134:	90 e0       	ldi	r25, 0x00	; 0
 136:	0e 94 79 00 	call	0xf2	; 0xf2 <USART0ReceiveByte>
 13a:	18 2f       	mov	r17, r24
 13c:	60 91 54 01 	lds	r22, 0x0154	; 0x800154 <__iob+0x2>
 140:	70 91 55 01 	lds	r23, 0x0155	; 0x800155 <__iob+0x3>
 144:	90 e0       	ldi	r25, 0x00	; 0
 146:	0e 94 4f 01 	call	0x29e	; 0x29e <fputc>
 14a:	1a 30       	cpi	r17, 0x0A	; 10
 14c:	41 f4       	brne	.+16     	; 0x15e <USART0GetString+0x3c>
 14e:	18 82       	st	Y, r1
 150:	df 91       	pop	r29
 152:	cf 91       	pop	r28
 154:	1f 91       	pop	r17
 156:	0f 91       	pop	r16
 158:	ff 90       	pop	r15
 15a:	ef 90       	pop	r14
 15c:	08 95       	ret
 15e:	18 30       	cpi	r17, 0x08	; 8
 160:	69 f4       	brne	.+26     	; 0x17c <USART0GetString+0x5a>
 162:	ec 16       	cp	r14, r28
 164:	fd 06       	cpc	r15, r29
 166:	50 f4       	brcc	.+20     	; 0x17c <USART0GetString+0x5a>
 168:	60 91 54 01 	lds	r22, 0x0154	; 0x800154 <__iob+0x2>
 16c:	70 91 55 01 	lds	r23, 0x0155	; 0x800155 <__iob+0x3>
 170:	88 e0       	ldi	r24, 0x08	; 8
 172:	90 e0       	ldi	r25, 0x00	; 0
 174:	0e 94 4f 01 	call	0x29e	; 0x29e <fputc>
 178:	21 97       	sbiw	r28, 0x01	; 1
 17a:	db cf       	rjmp	.-74     	; 0x132 <USART0GetString+0x10>
 17c:	18 83       	st	Y, r17
 17e:	21 96       	adiw	r28, 0x01	; 1
 180:	d8 cf       	rjmp	.-80     	; 0x132 <USART0GetString+0x10>

00000182 <main>:

int main (void)
{
  unsigned char c = ' ';

  USART0Init();
 182:	0e 94 53 00 	call	0xa6	; 0xa6 <USART0Init>
  stdout = &usart0_str;		/* connect UART to stdout */
 186:	80 e0       	ldi	r24, 0x00	; 0
 188:	91 e0       	ldi	r25, 0x01	; 1
 18a:	90 93 55 01 	sts	0x0155, r25	; 0x800155 <__iob+0x3>
 18e:	80 93 54 01 	sts	0x0154, r24	; 0x800154 <__iob+0x2>
  stdin = &usart0_str;		/* connect UART to stdin */
 192:	90 93 53 01 	sts	0x0153, r25	; 0x800153 <__iob+0x1>
 196:	80 93 52 01 	sts	0x0152, r24	; 0x800152 <__iob>

  LED_DDR ^= (1 << LED_BIT);
 19a:	94 b1       	in	r25, 0x04	; 4
 19c:	80 e2       	ldi	r24, 0x20	; 32
 19e:	89 27       	eor	r24, r25
 1a0:	84 b9       	out	0x04, r24	; 4

  puts("UART test");
 1a2:	8e e0       	ldi	r24, 0x0E	; 14
 1a4:	91 e0       	ldi	r25, 0x01	; 1
 1a6:	0e 94 a1 01 	call	0x342	; 0x342 <puts>

  while( 1) {
    puts("> ");
    fgets( buff, sizeof( buff), stdin);
 1aa:	9a e2       	ldi	r25, 0x2A	; 42
 1ac:	89 2e       	mov	r8, r25
 1ae:	91 e0       	ldi	r25, 0x01	; 1
 1b0:	99 2e       	mov	r9, r25
    for( int i=0; i<strlen(buff); i++) {
      printf("%d: ", i);
 1b2:	0b e1       	ldi	r16, 0x1B	; 27
 1b4:	11 e0       	ldi	r17, 0x01	; 1
      unsigned char c = buff[i];
      if( c < 0x20 || c > 0x7f)
	printf("0x%x\n", c);
      else
	printf("%c\n", c);
 1b6:	26 e2       	ldi	r18, 0x26	; 38
 1b8:	e2 2e       	mov	r14, r18
 1ba:	21 e0       	ldi	r18, 0x01	; 1
 1bc:	f2 2e       	mov	r15, r18
    fgets( buff, sizeof( buff), stdin);
    for( int i=0; i<strlen(buff); i++) {
      printf("%d: ", i);
      unsigned char c = buff[i];
      if( c < 0x20 || c > 0x7f)
	printf("0x%x\n", c);
 1be:	30 e2       	ldi	r19, 0x20	; 32
 1c0:	c3 2e       	mov	r12, r19
 1c2:	31 e0       	ldi	r19, 0x01	; 1
 1c4:	d3 2e       	mov	r13, r19
  LED_DDR ^= (1 << LED_BIT);

  puts("UART test");

  while( 1) {
    puts("> ");
 1c6:	88 e1       	ldi	r24, 0x18	; 24
 1c8:	91 e0       	ldi	r25, 0x01	; 1
 1ca:	0e 94 a1 01 	call	0x342	; 0x342 <puts>
    fgets( buff, sizeof( buff), stdin);
 1ce:	40 91 52 01 	lds	r20, 0x0152	; 0x800152 <__iob>
 1d2:	50 91 53 01 	lds	r21, 0x0153	; 0x800153 <__iob+0x1>
 1d6:	68 e2       	ldi	r22, 0x28	; 40
 1d8:	70 e0       	ldi	r23, 0x00	; 0
 1da:	8a e2       	ldi	r24, 0x2A	; 42
 1dc:	91 e0       	ldi	r25, 0x01	; 1
 1de:	0e 94 23 01 	call	0x246	; 0x246 <fgets>
 1e2:	8a e2       	ldi	r24, 0x2A	; 42
 1e4:	a8 2e       	mov	r10, r24
 1e6:	81 e0       	ldi	r24, 0x01	; 1
 1e8:	b8 2e       	mov	r11, r24
    for( int i=0; i<strlen(buff); i++) {
 1ea:	c0 e0       	ldi	r28, 0x00	; 0
 1ec:	d0 e0       	ldi	r29, 0x00	; 0
 1ee:	f4 01       	movw	r30, r8
 1f0:	01 90       	ld	r0, Z+
 1f2:	00 20       	and	r0, r0
 1f4:	e9 f7       	brne	.-6      	; 0x1f0 <main+0x6e>
 1f6:	31 97       	sbiw	r30, 0x01	; 1
 1f8:	ea 52       	subi	r30, 0x2A	; 42
 1fa:	f1 40       	sbci	r31, 0x01	; 1
 1fc:	ce 17       	cp	r28, r30
 1fe:	df 07       	cpc	r29, r31
 200:	10 f7       	brcc	.-60     	; 0x1c6 <main+0x44>
      printf("%d: ", i);
 202:	df 93       	push	r29
 204:	cf 93       	push	r28
 206:	1f 93       	push	r17
 208:	0f 93       	push	r16
 20a:	0e 94 8b 01 	call	0x316	; 0x316 <printf>
      unsigned char c = buff[i];
 20e:	f5 01       	movw	r30, r10
 210:	81 91       	ld	r24, Z+
 212:	5f 01       	movw	r10, r30
      if( c < 0x20 || c > 0x7f)
 214:	90 ee       	ldi	r25, 0xE0	; 224
 216:	98 0f       	add	r25, r24
 218:	0f 90       	pop	r0
 21a:	0f 90       	pop	r0
 21c:	0f 90       	pop	r0
 21e:	0f 90       	pop	r0
 220:	90 36       	cpi	r25, 0x60	; 96
 222:	28 f0       	brcs	.+10     	; 0x22e <main+0xac>
	printf("0x%x\n", c);
 224:	1f 92       	push	r1
 226:	8f 93       	push	r24
 228:	df 92       	push	r13
 22a:	cf 92       	push	r12
 22c:	04 c0       	rjmp	.+8      	; 0x236 <main+0xb4>
      else
	printf("%c\n", c);
 22e:	1f 92       	push	r1
 230:	8f 93       	push	r24
 232:	ff 92       	push	r15
 234:	ef 92       	push	r14
 236:	0e 94 8b 01 	call	0x316	; 0x316 <printf>
 23a:	0f 90       	pop	r0
 23c:	0f 90       	pop	r0
 23e:	0f 90       	pop	r0
 240:	0f 90       	pop	r0
  puts("UART test");

  while( 1) {
    puts("> ");
    fgets( buff, sizeof( buff), stdin);
    for( int i=0; i<strlen(buff); i++) {
 242:	21 96       	adiw	r28, 0x01	; 1
 244:	d4 cf       	rjmp	.-88     	; 0x1ee <main+0x6c>

00000246 <fgets>:
 246:	a0 e0       	ldi	r26, 0x00	; 0
 248:	b0 e0       	ldi	r27, 0x00	; 0
 24a:	e9 e2       	ldi	r30, 0x29	; 41
 24c:	f1 e0       	ldi	r31, 0x01	; 1
 24e:	0c 94 6e 04 	jmp	0x8dc	; 0x8dc <__prologue_saves__+0x14>
 252:	fa 01       	movw	r30, r20
 254:	23 81       	ldd	r18, Z+3	; 0x03
 256:	20 fd       	sbrc	r18, 0
 258:	03 c0       	rjmp	.+6      	; 0x260 <fgets+0x1a>
 25a:	80 e0       	ldi	r24, 0x00	; 0
 25c:	90 e0       	ldi	r25, 0x00	; 0
 25e:	1a c0       	rjmp	.+52     	; 0x294 <fgets+0x4e>
 260:	16 16       	cp	r1, r22
 262:	17 06       	cpc	r1, r23
 264:	d4 f7       	brge	.-12     	; 0x25a <fgets+0x14>
 266:	7a 01       	movw	r14, r20
 268:	8c 01       	movw	r16, r24
 26a:	eb 01       	movw	r28, r22
 26c:	6c 01       	movw	r12, r24
 26e:	c1 30       	cpi	r28, 0x01	; 1
 270:	d1 05       	cpc	r29, r1
 272:	69 f0       	breq	.+26     	; 0x28e <fgets+0x48>
 274:	c7 01       	movw	r24, r14
 276:	0e 94 c8 03 	call	0x790	; 0x790 <fgetc>
 27a:	8f 3f       	cpi	r24, 0xFF	; 255
 27c:	ff ef       	ldi	r31, 0xFF	; 255
 27e:	9f 07       	cpc	r25, r31
 280:	61 f3       	breq	.-40     	; 0x25a <fgets+0x14>
 282:	f6 01       	movw	r30, r12
 284:	81 93       	st	Z+, r24
 286:	6f 01       	movw	r12, r30
 288:	21 97       	sbiw	r28, 0x01	; 1
 28a:	0a 97       	sbiw	r24, 0x0a	; 10
 28c:	81 f7       	brne	.-32     	; 0x26e <fgets+0x28>
 28e:	f6 01       	movw	r30, r12
 290:	10 82       	st	Z, r1
 292:	c8 01       	movw	r24, r16
 294:	cd b7       	in	r28, 0x3d	; 61
 296:	de b7       	in	r29, 0x3e	; 62
 298:	e8 e0       	ldi	r30, 0x08	; 8
 29a:	0c 94 8a 04 	jmp	0x914	; 0x914 <__epilogue_restores__+0x14>

0000029e <fputc>:
 29e:	0f 93       	push	r16
 2a0:	1f 93       	push	r17
 2a2:	cf 93       	push	r28
 2a4:	df 93       	push	r29
 2a6:	fb 01       	movw	r30, r22
 2a8:	23 81       	ldd	r18, Z+3	; 0x03
 2aa:	21 fd       	sbrc	r18, 1
 2ac:	03 c0       	rjmp	.+6      	; 0x2b4 <fputc+0x16>
 2ae:	8f ef       	ldi	r24, 0xFF	; 255
 2b0:	9f ef       	ldi	r25, 0xFF	; 255
 2b2:	2c c0       	rjmp	.+88     	; 0x30c <fputc+0x6e>
 2b4:	22 ff       	sbrs	r18, 2
 2b6:	16 c0       	rjmp	.+44     	; 0x2e4 <fputc+0x46>
 2b8:	46 81       	ldd	r20, Z+6	; 0x06
 2ba:	57 81       	ldd	r21, Z+7	; 0x07
 2bc:	24 81       	ldd	r18, Z+4	; 0x04
 2be:	35 81       	ldd	r19, Z+5	; 0x05
 2c0:	42 17       	cp	r20, r18
 2c2:	53 07       	cpc	r21, r19
 2c4:	44 f4       	brge	.+16     	; 0x2d6 <fputc+0x38>
 2c6:	a0 81       	ld	r26, Z
 2c8:	b1 81       	ldd	r27, Z+1	; 0x01
 2ca:	9d 01       	movw	r18, r26
 2cc:	2f 5f       	subi	r18, 0xFF	; 255
 2ce:	3f 4f       	sbci	r19, 0xFF	; 255
 2d0:	31 83       	std	Z+1, r19	; 0x01
 2d2:	20 83       	st	Z, r18
 2d4:	8c 93       	st	X, r24
 2d6:	26 81       	ldd	r18, Z+6	; 0x06
 2d8:	37 81       	ldd	r19, Z+7	; 0x07
 2da:	2f 5f       	subi	r18, 0xFF	; 255
 2dc:	3f 4f       	sbci	r19, 0xFF	; 255
 2de:	37 83       	std	Z+7, r19	; 0x07
 2e0:	26 83       	std	Z+6, r18	; 0x06
 2e2:	14 c0       	rjmp	.+40     	; 0x30c <fputc+0x6e>
 2e4:	8b 01       	movw	r16, r22
 2e6:	ec 01       	movw	r28, r24
 2e8:	fb 01       	movw	r30, r22
 2ea:	00 84       	ldd	r0, Z+8	; 0x08
 2ec:	f1 85       	ldd	r31, Z+9	; 0x09
 2ee:	e0 2d       	mov	r30, r0
 2f0:	09 95       	icall
 2f2:	89 2b       	or	r24, r25
 2f4:	e1 f6       	brne	.-72     	; 0x2ae <fputc+0x10>
 2f6:	d8 01       	movw	r26, r16
 2f8:	16 96       	adiw	r26, 0x06	; 6
 2fa:	8d 91       	ld	r24, X+
 2fc:	9c 91       	ld	r25, X
 2fe:	17 97       	sbiw	r26, 0x07	; 7
 300:	01 96       	adiw	r24, 0x01	; 1
 302:	17 96       	adiw	r26, 0x07	; 7
 304:	9c 93       	st	X, r25
 306:	8e 93       	st	-X, r24
 308:	16 97       	sbiw	r26, 0x06	; 6
 30a:	ce 01       	movw	r24, r28
 30c:	df 91       	pop	r29
 30e:	cf 91       	pop	r28
 310:	1f 91       	pop	r17
 312:	0f 91       	pop	r16
 314:	08 95       	ret

00000316 <printf>:
 316:	a0 e0       	ldi	r26, 0x00	; 0
 318:	b0 e0       	ldi	r27, 0x00	; 0
 31a:	e1 e9       	ldi	r30, 0x91	; 145
 31c:	f1 e0       	ldi	r31, 0x01	; 1
 31e:	0c 94 74 04 	jmp	0x8e8	; 0x8e8 <__prologue_saves__+0x20>
 322:	ae 01       	movw	r20, r28
 324:	4b 5f       	subi	r20, 0xFB	; 251
 326:	5f 4f       	sbci	r21, 0xFF	; 255
 328:	fa 01       	movw	r30, r20
 32a:	61 91       	ld	r22, Z+
 32c:	71 91       	ld	r23, Z+
 32e:	af 01       	movw	r20, r30
 330:	80 91 54 01 	lds	r24, 0x0154	; 0x800154 <__iob+0x2>
 334:	90 91 55 01 	lds	r25, 0x0155	; 0x800155 <__iob+0x3>
 338:	0e 94 d1 01 	call	0x3a2	; 0x3a2 <vfprintf>
 33c:	e2 e0       	ldi	r30, 0x02	; 2
 33e:	0c 94 90 04 	jmp	0x920	; 0x920 <__epilogue_restores__+0x20>

00000342 <puts>:
 342:	0f 93       	push	r16
 344:	1f 93       	push	r17
 346:	cf 93       	push	r28
 348:	df 93       	push	r29
 34a:	e0 91 54 01 	lds	r30, 0x0154	; 0x800154 <__iob+0x2>
 34e:	f0 91 55 01 	lds	r31, 0x0155	; 0x800155 <__iob+0x3>
 352:	23 81       	ldd	r18, Z+3	; 0x03
 354:	21 ff       	sbrs	r18, 1
 356:	1b c0       	rjmp	.+54     	; 0x38e <puts+0x4c>
 358:	8c 01       	movw	r16, r24
 35a:	d0 e0       	ldi	r29, 0x00	; 0
 35c:	c0 e0       	ldi	r28, 0x00	; 0
 35e:	f8 01       	movw	r30, r16
 360:	81 91       	ld	r24, Z+
 362:	8f 01       	movw	r16, r30
 364:	60 91 54 01 	lds	r22, 0x0154	; 0x800154 <__iob+0x2>
 368:	70 91 55 01 	lds	r23, 0x0155	; 0x800155 <__iob+0x3>
 36c:	db 01       	movw	r26, r22
 36e:	18 96       	adiw	r26, 0x08	; 8
 370:	ed 91       	ld	r30, X+
 372:	fc 91       	ld	r31, X
 374:	19 97       	sbiw	r26, 0x09	; 9
 376:	88 23       	and	r24, r24
 378:	31 f0       	breq	.+12     	; 0x386 <puts+0x44>
 37a:	09 95       	icall
 37c:	89 2b       	or	r24, r25
 37e:	79 f3       	breq	.-34     	; 0x35e <puts+0x1c>
 380:	df ef       	ldi	r29, 0xFF	; 255
 382:	cf ef       	ldi	r28, 0xFF	; 255
 384:	ec cf       	rjmp	.-40     	; 0x35e <puts+0x1c>
 386:	8a e0       	ldi	r24, 0x0A	; 10
 388:	09 95       	icall
 38a:	89 2b       	or	r24, r25
 38c:	19 f0       	breq	.+6      	; 0x394 <puts+0x52>
 38e:	8f ef       	ldi	r24, 0xFF	; 255
 390:	9f ef       	ldi	r25, 0xFF	; 255
 392:	02 c0       	rjmp	.+4      	; 0x398 <puts+0x56>
 394:	8d 2f       	mov	r24, r29
 396:	9c 2f       	mov	r25, r28
 398:	df 91       	pop	r29
 39a:	cf 91       	pop	r28
 39c:	1f 91       	pop	r17
 39e:	0f 91       	pop	r16
 3a0:	08 95       	ret

000003a2 <vfprintf>:
 3a2:	ab e0       	ldi	r26, 0x0B	; 11
 3a4:	b0 e0       	ldi	r27, 0x00	; 0
 3a6:	e7 ed       	ldi	r30, 0xD7	; 215
 3a8:	f1 e0       	ldi	r31, 0x01	; 1
 3aa:	0c 94 64 04 	jmp	0x8c8	; 0x8c8 <__prologue_saves__>
 3ae:	6c 01       	movw	r12, r24
 3b0:	7b 01       	movw	r14, r22
 3b2:	8a 01       	movw	r16, r20
 3b4:	fc 01       	movw	r30, r24
 3b6:	17 82       	std	Z+7, r1	; 0x07
 3b8:	16 82       	std	Z+6, r1	; 0x06
 3ba:	83 81       	ldd	r24, Z+3	; 0x03
 3bc:	81 ff       	sbrs	r24, 1
 3be:	cc c1       	rjmp	.+920    	; 0x758 <__EEPROM_REGION_LENGTH__+0x358>
 3c0:	ce 01       	movw	r24, r28
 3c2:	01 96       	adiw	r24, 0x01	; 1
 3c4:	3c 01       	movw	r6, r24
 3c6:	f6 01       	movw	r30, r12
 3c8:	93 81       	ldd	r25, Z+3	; 0x03
 3ca:	f7 01       	movw	r30, r14
 3cc:	93 fd       	sbrc	r25, 3
 3ce:	85 91       	lpm	r24, Z+
 3d0:	93 ff       	sbrs	r25, 3
 3d2:	81 91       	ld	r24, Z+
 3d4:	7f 01       	movw	r14, r30
 3d6:	88 23       	and	r24, r24
 3d8:	09 f4       	brne	.+2      	; 0x3dc <vfprintf+0x3a>
 3da:	ba c1       	rjmp	.+884    	; 0x750 <__EEPROM_REGION_LENGTH__+0x350>
 3dc:	85 32       	cpi	r24, 0x25	; 37
 3de:	39 f4       	brne	.+14     	; 0x3ee <vfprintf+0x4c>
 3e0:	93 fd       	sbrc	r25, 3
 3e2:	85 91       	lpm	r24, Z+
 3e4:	93 ff       	sbrs	r25, 3
 3e6:	81 91       	ld	r24, Z+
 3e8:	7f 01       	movw	r14, r30
 3ea:	85 32       	cpi	r24, 0x25	; 37
 3ec:	29 f4       	brne	.+10     	; 0x3f8 <vfprintf+0x56>
 3ee:	b6 01       	movw	r22, r12
 3f0:	90 e0       	ldi	r25, 0x00	; 0
 3f2:	0e 94 4f 01 	call	0x29e	; 0x29e <fputc>
 3f6:	e7 cf       	rjmp	.-50     	; 0x3c6 <vfprintf+0x24>
 3f8:	91 2c       	mov	r9, r1
 3fa:	21 2c       	mov	r2, r1
 3fc:	31 2c       	mov	r3, r1
 3fe:	ff e1       	ldi	r31, 0x1F	; 31
 400:	f3 15       	cp	r31, r3
 402:	d8 f0       	brcs	.+54     	; 0x43a <__EEPROM_REGION_LENGTH__+0x3a>
 404:	8b 32       	cpi	r24, 0x2B	; 43
 406:	79 f0       	breq	.+30     	; 0x426 <__EEPROM_REGION_LENGTH__+0x26>
 408:	38 f4       	brcc	.+14     	; 0x418 <__EEPROM_REGION_LENGTH__+0x18>
 40a:	80 32       	cpi	r24, 0x20	; 32
 40c:	79 f0       	breq	.+30     	; 0x42c <__EEPROM_REGION_LENGTH__+0x2c>
 40e:	83 32       	cpi	r24, 0x23	; 35
 410:	a1 f4       	brne	.+40     	; 0x43a <__EEPROM_REGION_LENGTH__+0x3a>
 412:	23 2d       	mov	r18, r3
 414:	20 61       	ori	r18, 0x10	; 16
 416:	1d c0       	rjmp	.+58     	; 0x452 <__EEPROM_REGION_LENGTH__+0x52>
 418:	8d 32       	cpi	r24, 0x2D	; 45
 41a:	61 f0       	breq	.+24     	; 0x434 <__EEPROM_REGION_LENGTH__+0x34>
 41c:	80 33       	cpi	r24, 0x30	; 48
 41e:	69 f4       	brne	.+26     	; 0x43a <__EEPROM_REGION_LENGTH__+0x3a>
 420:	23 2d       	mov	r18, r3
 422:	21 60       	ori	r18, 0x01	; 1
 424:	16 c0       	rjmp	.+44     	; 0x452 <__EEPROM_REGION_LENGTH__+0x52>
 426:	83 2d       	mov	r24, r3
 428:	82 60       	ori	r24, 0x02	; 2
 42a:	38 2e       	mov	r3, r24
 42c:	e3 2d       	mov	r30, r3
 42e:	e4 60       	ori	r30, 0x04	; 4
 430:	3e 2e       	mov	r3, r30
 432:	2a c0       	rjmp	.+84     	; 0x488 <__EEPROM_REGION_LENGTH__+0x88>
 434:	f3 2d       	mov	r31, r3
 436:	f8 60       	ori	r31, 0x08	; 8
 438:	1d c0       	rjmp	.+58     	; 0x474 <__EEPROM_REGION_LENGTH__+0x74>
 43a:	37 fc       	sbrc	r3, 7
 43c:	2d c0       	rjmp	.+90     	; 0x498 <__EEPROM_REGION_LENGTH__+0x98>
 43e:	20 ed       	ldi	r18, 0xD0	; 208
 440:	28 0f       	add	r18, r24
 442:	2a 30       	cpi	r18, 0x0A	; 10
 444:	40 f0       	brcs	.+16     	; 0x456 <__EEPROM_REGION_LENGTH__+0x56>
 446:	8e 32       	cpi	r24, 0x2E	; 46
 448:	b9 f4       	brne	.+46     	; 0x478 <__EEPROM_REGION_LENGTH__+0x78>
 44a:	36 fc       	sbrc	r3, 6
 44c:	81 c1       	rjmp	.+770    	; 0x750 <__EEPROM_REGION_LENGTH__+0x350>
 44e:	23 2d       	mov	r18, r3
 450:	20 64       	ori	r18, 0x40	; 64
 452:	32 2e       	mov	r3, r18
 454:	19 c0       	rjmp	.+50     	; 0x488 <__EEPROM_REGION_LENGTH__+0x88>
 456:	36 fe       	sbrs	r3, 6
 458:	06 c0       	rjmp	.+12     	; 0x466 <__EEPROM_REGION_LENGTH__+0x66>
 45a:	8a e0       	ldi	r24, 0x0A	; 10
 45c:	98 9e       	mul	r9, r24
 45e:	20 0d       	add	r18, r0
 460:	11 24       	eor	r1, r1
 462:	92 2e       	mov	r9, r18
 464:	11 c0       	rjmp	.+34     	; 0x488 <__EEPROM_REGION_LENGTH__+0x88>
 466:	ea e0       	ldi	r30, 0x0A	; 10
 468:	2e 9e       	mul	r2, r30
 46a:	20 0d       	add	r18, r0
 46c:	11 24       	eor	r1, r1
 46e:	22 2e       	mov	r2, r18
 470:	f3 2d       	mov	r31, r3
 472:	f0 62       	ori	r31, 0x20	; 32
 474:	3f 2e       	mov	r3, r31
 476:	08 c0       	rjmp	.+16     	; 0x488 <__EEPROM_REGION_LENGTH__+0x88>
 478:	8c 36       	cpi	r24, 0x6C	; 108
 47a:	21 f4       	brne	.+8      	; 0x484 <__EEPROM_REGION_LENGTH__+0x84>
 47c:	83 2d       	mov	r24, r3
 47e:	80 68       	ori	r24, 0x80	; 128
 480:	38 2e       	mov	r3, r24
 482:	02 c0       	rjmp	.+4      	; 0x488 <__EEPROM_REGION_LENGTH__+0x88>
 484:	88 36       	cpi	r24, 0x68	; 104
 486:	41 f4       	brne	.+16     	; 0x498 <__EEPROM_REGION_LENGTH__+0x98>
 488:	f7 01       	movw	r30, r14
 48a:	93 fd       	sbrc	r25, 3
 48c:	85 91       	lpm	r24, Z+
 48e:	93 ff       	sbrs	r25, 3
 490:	81 91       	ld	r24, Z+
 492:	7f 01       	movw	r14, r30
 494:	81 11       	cpse	r24, r1
 496:	b3 cf       	rjmp	.-154    	; 0x3fe <vfprintf+0x5c>
 498:	98 2f       	mov	r25, r24
 49a:	9f 7d       	andi	r25, 0xDF	; 223
 49c:	95 54       	subi	r25, 0x45	; 69
 49e:	93 30       	cpi	r25, 0x03	; 3
 4a0:	28 f4       	brcc	.+10     	; 0x4ac <__EEPROM_REGION_LENGTH__+0xac>
 4a2:	0c 5f       	subi	r16, 0xFC	; 252
 4a4:	1f 4f       	sbci	r17, 0xFF	; 255
 4a6:	9f e3       	ldi	r25, 0x3F	; 63
 4a8:	99 83       	std	Y+1, r25	; 0x01
 4aa:	0d c0       	rjmp	.+26     	; 0x4c6 <__EEPROM_REGION_LENGTH__+0xc6>
 4ac:	83 36       	cpi	r24, 0x63	; 99
 4ae:	31 f0       	breq	.+12     	; 0x4bc <__EEPROM_REGION_LENGTH__+0xbc>
 4b0:	83 37       	cpi	r24, 0x73	; 115
 4b2:	71 f0       	breq	.+28     	; 0x4d0 <__EEPROM_REGION_LENGTH__+0xd0>
 4b4:	83 35       	cpi	r24, 0x53	; 83
 4b6:	09 f0       	breq	.+2      	; 0x4ba <__EEPROM_REGION_LENGTH__+0xba>
 4b8:	59 c0       	rjmp	.+178    	; 0x56c <__EEPROM_REGION_LENGTH__+0x16c>
 4ba:	21 c0       	rjmp	.+66     	; 0x4fe <__EEPROM_REGION_LENGTH__+0xfe>
 4bc:	f8 01       	movw	r30, r16
 4be:	80 81       	ld	r24, Z
 4c0:	89 83       	std	Y+1, r24	; 0x01
 4c2:	0e 5f       	subi	r16, 0xFE	; 254
 4c4:	1f 4f       	sbci	r17, 0xFF	; 255
 4c6:	88 24       	eor	r8, r8
 4c8:	83 94       	inc	r8
 4ca:	91 2c       	mov	r9, r1
 4cc:	53 01       	movw	r10, r6
 4ce:	13 c0       	rjmp	.+38     	; 0x4f6 <__EEPROM_REGION_LENGTH__+0xf6>
 4d0:	28 01       	movw	r4, r16
 4d2:	f2 e0       	ldi	r31, 0x02	; 2
 4d4:	4f 0e       	add	r4, r31
 4d6:	51 1c       	adc	r5, r1
 4d8:	f8 01       	movw	r30, r16
 4da:	a0 80       	ld	r10, Z
 4dc:	b1 80       	ldd	r11, Z+1	; 0x01
 4de:	36 fe       	sbrs	r3, 6
 4e0:	03 c0       	rjmp	.+6      	; 0x4e8 <__EEPROM_REGION_LENGTH__+0xe8>
 4e2:	69 2d       	mov	r22, r9
 4e4:	70 e0       	ldi	r23, 0x00	; 0
 4e6:	02 c0       	rjmp	.+4      	; 0x4ec <__EEPROM_REGION_LENGTH__+0xec>
 4e8:	6f ef       	ldi	r22, 0xFF	; 255
 4ea:	7f ef       	ldi	r23, 0xFF	; 255
 4ec:	c5 01       	movw	r24, r10
 4ee:	0e 94 bd 03 	call	0x77a	; 0x77a <strnlen>
 4f2:	4c 01       	movw	r8, r24
 4f4:	82 01       	movw	r16, r4
 4f6:	f3 2d       	mov	r31, r3
 4f8:	ff 77       	andi	r31, 0x7F	; 127
 4fa:	3f 2e       	mov	r3, r31
 4fc:	16 c0       	rjmp	.+44     	; 0x52a <__EEPROM_REGION_LENGTH__+0x12a>
 4fe:	28 01       	movw	r4, r16
 500:	22 e0       	ldi	r18, 0x02	; 2
 502:	42 0e       	add	r4, r18
 504:	51 1c       	adc	r5, r1
 506:	f8 01       	movw	r30, r16
 508:	a0 80       	ld	r10, Z
 50a:	b1 80       	ldd	r11, Z+1	; 0x01
 50c:	36 fe       	sbrs	r3, 6
 50e:	03 c0       	rjmp	.+6      	; 0x516 <__EEPROM_REGION_LENGTH__+0x116>
 510:	69 2d       	mov	r22, r9
 512:	70 e0       	ldi	r23, 0x00	; 0
 514:	02 c0       	rjmp	.+4      	; 0x51a <__EEPROM_REGION_LENGTH__+0x11a>
 516:	6f ef       	ldi	r22, 0xFF	; 255
 518:	7f ef       	ldi	r23, 0xFF	; 255
 51a:	c5 01       	movw	r24, r10
 51c:	0e 94 b2 03 	call	0x764	; 0x764 <strnlen_P>
 520:	4c 01       	movw	r8, r24
 522:	f3 2d       	mov	r31, r3
 524:	f0 68       	ori	r31, 0x80	; 128
 526:	3f 2e       	mov	r3, r31
 528:	82 01       	movw	r16, r4
 52a:	33 fc       	sbrc	r3, 3
 52c:	1b c0       	rjmp	.+54     	; 0x564 <__EEPROM_REGION_LENGTH__+0x164>
 52e:	82 2d       	mov	r24, r2
 530:	90 e0       	ldi	r25, 0x00	; 0
 532:	88 16       	cp	r8, r24
 534:	99 06       	cpc	r9, r25
 536:	b0 f4       	brcc	.+44     	; 0x564 <__EEPROM_REGION_LENGTH__+0x164>
 538:	b6 01       	movw	r22, r12
 53a:	80 e2       	ldi	r24, 0x20	; 32
 53c:	90 e0       	ldi	r25, 0x00	; 0
 53e:	0e 94 4f 01 	call	0x29e	; 0x29e <fputc>
 542:	2a 94       	dec	r2
 544:	f4 cf       	rjmp	.-24     	; 0x52e <__EEPROM_REGION_LENGTH__+0x12e>
 546:	f5 01       	movw	r30, r10
 548:	37 fc       	sbrc	r3, 7
 54a:	85 91       	lpm	r24, Z+
 54c:	37 fe       	sbrs	r3, 7
 54e:	81 91       	ld	r24, Z+
 550:	5f 01       	movw	r10, r30
 552:	b6 01       	movw	r22, r12
 554:	90 e0       	ldi	r25, 0x00	; 0
 556:	0e 94 4f 01 	call	0x29e	; 0x29e <fputc>
 55a:	21 10       	cpse	r2, r1
 55c:	2a 94       	dec	r2
 55e:	21 e0       	ldi	r18, 0x01	; 1
 560:	82 1a       	sub	r8, r18
 562:	91 08       	sbc	r9, r1
 564:	81 14       	cp	r8, r1
 566:	91 04       	cpc	r9, r1
 568:	71 f7       	brne	.-36     	; 0x546 <__EEPROM_REGION_LENGTH__+0x146>
 56a:	e8 c0       	rjmp	.+464    	; 0x73c <__EEPROM_REGION_LENGTH__+0x33c>
 56c:	84 36       	cpi	r24, 0x64	; 100
 56e:	11 f0       	breq	.+4      	; 0x574 <__EEPROM_REGION_LENGTH__+0x174>
 570:	89 36       	cpi	r24, 0x69	; 105
 572:	41 f5       	brne	.+80     	; 0x5c4 <__EEPROM_REGION_LENGTH__+0x1c4>
 574:	f8 01       	movw	r30, r16
 576:	37 fe       	sbrs	r3, 7
 578:	07 c0       	rjmp	.+14     	; 0x588 <__EEPROM_REGION_LENGTH__+0x188>
 57a:	60 81       	ld	r22, Z
 57c:	71 81       	ldd	r23, Z+1	; 0x01
 57e:	82 81       	ldd	r24, Z+2	; 0x02
 580:	93 81       	ldd	r25, Z+3	; 0x03
 582:	0c 5f       	subi	r16, 0xFC	; 252
 584:	1f 4f       	sbci	r17, 0xFF	; 255
 586:	08 c0       	rjmp	.+16     	; 0x598 <__EEPROM_REGION_LENGTH__+0x198>
 588:	60 81       	ld	r22, Z
 58a:	71 81       	ldd	r23, Z+1	; 0x01
 58c:	07 2e       	mov	r0, r23
 58e:	00 0c       	add	r0, r0
 590:	88 0b       	sbc	r24, r24
 592:	99 0b       	sbc	r25, r25
 594:	0e 5f       	subi	r16, 0xFE	; 254
 596:	1f 4f       	sbci	r17, 0xFF	; 255
 598:	f3 2d       	mov	r31, r3
 59a:	ff 76       	andi	r31, 0x6F	; 111
 59c:	3f 2e       	mov	r3, r31
 59e:	97 ff       	sbrs	r25, 7
 5a0:	09 c0       	rjmp	.+18     	; 0x5b4 <__EEPROM_REGION_LENGTH__+0x1b4>
 5a2:	90 95       	com	r25
 5a4:	80 95       	com	r24
 5a6:	70 95       	com	r23
 5a8:	61 95       	neg	r22
 5aa:	7f 4f       	sbci	r23, 0xFF	; 255
 5ac:	8f 4f       	sbci	r24, 0xFF	; 255
 5ae:	9f 4f       	sbci	r25, 0xFF	; 255
 5b0:	f0 68       	ori	r31, 0x80	; 128
 5b2:	3f 2e       	mov	r3, r31
 5b4:	2a e0       	ldi	r18, 0x0A	; 10
 5b6:	30 e0       	ldi	r19, 0x00	; 0
 5b8:	a3 01       	movw	r20, r6
 5ba:	0e 94 06 04 	call	0x80c	; 0x80c <__ultoa_invert>
 5be:	88 2e       	mov	r8, r24
 5c0:	86 18       	sub	r8, r6
 5c2:	45 c0       	rjmp	.+138    	; 0x64e <__EEPROM_REGION_LENGTH__+0x24e>
 5c4:	85 37       	cpi	r24, 0x75	; 117
 5c6:	31 f4       	brne	.+12     	; 0x5d4 <__EEPROM_REGION_LENGTH__+0x1d4>
 5c8:	23 2d       	mov	r18, r3
 5ca:	2f 7e       	andi	r18, 0xEF	; 239
 5cc:	b2 2e       	mov	r11, r18
 5ce:	2a e0       	ldi	r18, 0x0A	; 10
 5d0:	30 e0       	ldi	r19, 0x00	; 0
 5d2:	25 c0       	rjmp	.+74     	; 0x61e <__EEPROM_REGION_LENGTH__+0x21e>
 5d4:	93 2d       	mov	r25, r3
 5d6:	99 7f       	andi	r25, 0xF9	; 249
 5d8:	b9 2e       	mov	r11, r25
 5da:	8f 36       	cpi	r24, 0x6F	; 111
 5dc:	c1 f0       	breq	.+48     	; 0x60e <__EEPROM_REGION_LENGTH__+0x20e>
 5de:	18 f4       	brcc	.+6      	; 0x5e6 <__EEPROM_REGION_LENGTH__+0x1e6>
 5e0:	88 35       	cpi	r24, 0x58	; 88
 5e2:	79 f0       	breq	.+30     	; 0x602 <__EEPROM_REGION_LENGTH__+0x202>
 5e4:	b5 c0       	rjmp	.+362    	; 0x750 <__EEPROM_REGION_LENGTH__+0x350>
 5e6:	80 37       	cpi	r24, 0x70	; 112
 5e8:	19 f0       	breq	.+6      	; 0x5f0 <__EEPROM_REGION_LENGTH__+0x1f0>
 5ea:	88 37       	cpi	r24, 0x78	; 120
 5ec:	21 f0       	breq	.+8      	; 0x5f6 <__EEPROM_REGION_LENGTH__+0x1f6>
 5ee:	b0 c0       	rjmp	.+352    	; 0x750 <__EEPROM_REGION_LENGTH__+0x350>
 5f0:	e9 2f       	mov	r30, r25
 5f2:	e0 61       	ori	r30, 0x10	; 16
 5f4:	be 2e       	mov	r11, r30
 5f6:	b4 fe       	sbrs	r11, 4
 5f8:	0d c0       	rjmp	.+26     	; 0x614 <__EEPROM_REGION_LENGTH__+0x214>
 5fa:	fb 2d       	mov	r31, r11
 5fc:	f4 60       	ori	r31, 0x04	; 4
 5fe:	bf 2e       	mov	r11, r31
 600:	09 c0       	rjmp	.+18     	; 0x614 <__EEPROM_REGION_LENGTH__+0x214>
 602:	34 fe       	sbrs	r3, 4
 604:	0a c0       	rjmp	.+20     	; 0x61a <__EEPROM_REGION_LENGTH__+0x21a>
 606:	29 2f       	mov	r18, r25
 608:	26 60       	ori	r18, 0x06	; 6
 60a:	b2 2e       	mov	r11, r18
 60c:	06 c0       	rjmp	.+12     	; 0x61a <__EEPROM_REGION_LENGTH__+0x21a>
 60e:	28 e0       	ldi	r18, 0x08	; 8
 610:	30 e0       	ldi	r19, 0x00	; 0
 612:	05 c0       	rjmp	.+10     	; 0x61e <__EEPROM_REGION_LENGTH__+0x21e>
 614:	20 e1       	ldi	r18, 0x10	; 16
 616:	30 e0       	ldi	r19, 0x00	; 0
 618:	02 c0       	rjmp	.+4      	; 0x61e <__EEPROM_REGION_LENGTH__+0x21e>
 61a:	20 e1       	ldi	r18, 0x10	; 16
 61c:	32 e0       	ldi	r19, 0x02	; 2
 61e:	f8 01       	movw	r30, r16
 620:	b7 fe       	sbrs	r11, 7
 622:	07 c0       	rjmp	.+14     	; 0x632 <__EEPROM_REGION_LENGTH__+0x232>
 624:	60 81       	ld	r22, Z
 626:	71 81       	ldd	r23, Z+1	; 0x01
 628:	82 81       	ldd	r24, Z+2	; 0x02
 62a:	93 81       	ldd	r25, Z+3	; 0x03
 62c:	0c 5f       	subi	r16, 0xFC	; 252
 62e:	1f 4f       	sbci	r17, 0xFF	; 255
 630:	06 c0       	rjmp	.+12     	; 0x63e <__EEPROM_REGION_LENGTH__+0x23e>
 632:	60 81       	ld	r22, Z
 634:	71 81       	ldd	r23, Z+1	; 0x01
 636:	80 e0       	ldi	r24, 0x00	; 0
 638:	90 e0       	ldi	r25, 0x00	; 0
 63a:	0e 5f       	subi	r16, 0xFE	; 254
 63c:	1f 4f       	sbci	r17, 0xFF	; 255
 63e:	a3 01       	movw	r20, r6
 640:	0e 94 06 04 	call	0x80c	; 0x80c <__ultoa_invert>
 644:	88 2e       	mov	r8, r24
 646:	86 18       	sub	r8, r6
 648:	fb 2d       	mov	r31, r11
 64a:	ff 77       	andi	r31, 0x7F	; 127
 64c:	3f 2e       	mov	r3, r31
 64e:	36 fe       	sbrs	r3, 6
 650:	0d c0       	rjmp	.+26     	; 0x66c <__EEPROM_REGION_LENGTH__+0x26c>
 652:	23 2d       	mov	r18, r3
 654:	2e 7f       	andi	r18, 0xFE	; 254
 656:	a2 2e       	mov	r10, r18
 658:	89 14       	cp	r8, r9
 65a:	58 f4       	brcc	.+22     	; 0x672 <__EEPROM_REGION_LENGTH__+0x272>
 65c:	34 fe       	sbrs	r3, 4
 65e:	0b c0       	rjmp	.+22     	; 0x676 <__EEPROM_REGION_LENGTH__+0x276>
 660:	32 fc       	sbrc	r3, 2
 662:	09 c0       	rjmp	.+18     	; 0x676 <__EEPROM_REGION_LENGTH__+0x276>
 664:	83 2d       	mov	r24, r3
 666:	8e 7e       	andi	r24, 0xEE	; 238
 668:	a8 2e       	mov	r10, r24
 66a:	05 c0       	rjmp	.+10     	; 0x676 <__EEPROM_REGION_LENGTH__+0x276>
 66c:	b8 2c       	mov	r11, r8
 66e:	a3 2c       	mov	r10, r3
 670:	03 c0       	rjmp	.+6      	; 0x678 <__EEPROM_REGION_LENGTH__+0x278>
 672:	b8 2c       	mov	r11, r8
 674:	01 c0       	rjmp	.+2      	; 0x678 <__EEPROM_REGION_LENGTH__+0x278>
 676:	b9 2c       	mov	r11, r9
 678:	a4 fe       	sbrs	r10, 4
 67a:	0f c0       	rjmp	.+30     	; 0x69a <__EEPROM_REGION_LENGTH__+0x29a>
 67c:	fe 01       	movw	r30, r28
 67e:	e8 0d       	add	r30, r8
 680:	f1 1d       	adc	r31, r1
 682:	80 81       	ld	r24, Z
 684:	80 33       	cpi	r24, 0x30	; 48
 686:	21 f4       	brne	.+8      	; 0x690 <__EEPROM_REGION_LENGTH__+0x290>
 688:	9a 2d       	mov	r25, r10
 68a:	99 7e       	andi	r25, 0xE9	; 233
 68c:	a9 2e       	mov	r10, r25
 68e:	09 c0       	rjmp	.+18     	; 0x6a2 <__EEPROM_REGION_LENGTH__+0x2a2>
 690:	a2 fe       	sbrs	r10, 2
 692:	06 c0       	rjmp	.+12     	; 0x6a0 <__EEPROM_REGION_LENGTH__+0x2a0>
 694:	b3 94       	inc	r11
 696:	b3 94       	inc	r11
 698:	04 c0       	rjmp	.+8      	; 0x6a2 <__EEPROM_REGION_LENGTH__+0x2a2>
 69a:	8a 2d       	mov	r24, r10
 69c:	86 78       	andi	r24, 0x86	; 134
 69e:	09 f0       	breq	.+2      	; 0x6a2 <__EEPROM_REGION_LENGTH__+0x2a2>
 6a0:	b3 94       	inc	r11
 6a2:	a3 fc       	sbrc	r10, 3
 6a4:	11 c0       	rjmp	.+34     	; 0x6c8 <__EEPROM_REGION_LENGTH__+0x2c8>
 6a6:	a0 fe       	sbrs	r10, 0
 6a8:	06 c0       	rjmp	.+12     	; 0x6b6 <__EEPROM_REGION_LENGTH__+0x2b6>
 6aa:	b2 14       	cp	r11, r2
 6ac:	88 f4       	brcc	.+34     	; 0x6d0 <__EEPROM_REGION_LENGTH__+0x2d0>
 6ae:	28 0c       	add	r2, r8
 6b0:	92 2c       	mov	r9, r2
 6b2:	9b 18       	sub	r9, r11
 6b4:	0e c0       	rjmp	.+28     	; 0x6d2 <__EEPROM_REGION_LENGTH__+0x2d2>
 6b6:	b2 14       	cp	r11, r2
 6b8:	60 f4       	brcc	.+24     	; 0x6d2 <__EEPROM_REGION_LENGTH__+0x2d2>
 6ba:	b6 01       	movw	r22, r12
 6bc:	80 e2       	ldi	r24, 0x20	; 32
 6be:	90 e0       	ldi	r25, 0x00	; 0
 6c0:	0e 94 4f 01 	call	0x29e	; 0x29e <fputc>
 6c4:	b3 94       	inc	r11
 6c6:	f7 cf       	rjmp	.-18     	; 0x6b6 <__EEPROM_REGION_LENGTH__+0x2b6>
 6c8:	b2 14       	cp	r11, r2
 6ca:	18 f4       	brcc	.+6      	; 0x6d2 <__EEPROM_REGION_LENGTH__+0x2d2>
 6cc:	2b 18       	sub	r2, r11
 6ce:	02 c0       	rjmp	.+4      	; 0x6d4 <__EEPROM_REGION_LENGTH__+0x2d4>
 6d0:	98 2c       	mov	r9, r8
 6d2:	21 2c       	mov	r2, r1
 6d4:	a4 fe       	sbrs	r10, 4
 6d6:	10 c0       	rjmp	.+32     	; 0x6f8 <__EEPROM_REGION_LENGTH__+0x2f8>
 6d8:	b6 01       	movw	r22, r12
 6da:	80 e3       	ldi	r24, 0x30	; 48
 6dc:	90 e0       	ldi	r25, 0x00	; 0
 6de:	0e 94 4f 01 	call	0x29e	; 0x29e <fputc>
 6e2:	a2 fe       	sbrs	r10, 2
 6e4:	17 c0       	rjmp	.+46     	; 0x714 <__EEPROM_REGION_LENGTH__+0x314>
 6e6:	a1 fc       	sbrc	r10, 1
 6e8:	03 c0       	rjmp	.+6      	; 0x6f0 <__EEPROM_REGION_LENGTH__+0x2f0>
 6ea:	88 e7       	ldi	r24, 0x78	; 120
 6ec:	90 e0       	ldi	r25, 0x00	; 0
 6ee:	02 c0       	rjmp	.+4      	; 0x6f4 <__EEPROM_REGION_LENGTH__+0x2f4>
 6f0:	88 e5       	ldi	r24, 0x58	; 88
 6f2:	90 e0       	ldi	r25, 0x00	; 0
 6f4:	b6 01       	movw	r22, r12
 6f6:	0c c0       	rjmp	.+24     	; 0x710 <__EEPROM_REGION_LENGTH__+0x310>
 6f8:	8a 2d       	mov	r24, r10
 6fa:	86 78       	andi	r24, 0x86	; 134
 6fc:	59 f0       	breq	.+22     	; 0x714 <__EEPROM_REGION_LENGTH__+0x314>
 6fe:	a1 fe       	sbrs	r10, 1
 700:	02 c0       	rjmp	.+4      	; 0x706 <__EEPROM_REGION_LENGTH__+0x306>
 702:	8b e2       	ldi	r24, 0x2B	; 43
 704:	01 c0       	rjmp	.+2      	; 0x708 <__EEPROM_REGION_LENGTH__+0x308>
 706:	80 e2       	ldi	r24, 0x20	; 32
 708:	a7 fc       	sbrc	r10, 7
 70a:	8d e2       	ldi	r24, 0x2D	; 45
 70c:	b6 01       	movw	r22, r12
 70e:	90 e0       	ldi	r25, 0x00	; 0
 710:	0e 94 4f 01 	call	0x29e	; 0x29e <fputc>
 714:	89 14       	cp	r8, r9
 716:	38 f4       	brcc	.+14     	; 0x726 <__EEPROM_REGION_LENGTH__+0x326>
 718:	b6 01       	movw	r22, r12
 71a:	80 e3       	ldi	r24, 0x30	; 48
 71c:	90 e0       	ldi	r25, 0x00	; 0
 71e:	0e 94 4f 01 	call	0x29e	; 0x29e <fputc>
 722:	9a 94       	dec	r9
 724:	f7 cf       	rjmp	.-18     	; 0x714 <__EEPROM_REGION_LENGTH__+0x314>
 726:	8a 94       	dec	r8
 728:	f3 01       	movw	r30, r6
 72a:	e8 0d       	add	r30, r8
 72c:	f1 1d       	adc	r31, r1
 72e:	80 81       	ld	r24, Z
 730:	b6 01       	movw	r22, r12
 732:	90 e0       	ldi	r25, 0x00	; 0
 734:	0e 94 4f 01 	call	0x29e	; 0x29e <fputc>
 738:	81 10       	cpse	r8, r1
 73a:	f5 cf       	rjmp	.-22     	; 0x726 <__EEPROM_REGION_LENGTH__+0x326>
 73c:	22 20       	and	r2, r2
 73e:	09 f4       	brne	.+2      	; 0x742 <__EEPROM_REGION_LENGTH__+0x342>
 740:	42 ce       	rjmp	.-892    	; 0x3c6 <vfprintf+0x24>
 742:	b6 01       	movw	r22, r12
 744:	80 e2       	ldi	r24, 0x20	; 32
 746:	90 e0       	ldi	r25, 0x00	; 0
 748:	0e 94 4f 01 	call	0x29e	; 0x29e <fputc>
 74c:	2a 94       	dec	r2
 74e:	f6 cf       	rjmp	.-20     	; 0x73c <__EEPROM_REGION_LENGTH__+0x33c>
 750:	f6 01       	movw	r30, r12
 752:	86 81       	ldd	r24, Z+6	; 0x06
 754:	97 81       	ldd	r25, Z+7	; 0x07
 756:	02 c0       	rjmp	.+4      	; 0x75c <__EEPROM_REGION_LENGTH__+0x35c>
 758:	8f ef       	ldi	r24, 0xFF	; 255
 75a:	9f ef       	ldi	r25, 0xFF	; 255
 75c:	2b 96       	adiw	r28, 0x0b	; 11
 75e:	e2 e1       	ldi	r30, 0x12	; 18
 760:	0c 94 80 04 	jmp	0x900	; 0x900 <__epilogue_restores__>

00000764 <strnlen_P>:
 764:	fc 01       	movw	r30, r24
 766:	05 90       	lpm	r0, Z+
 768:	61 50       	subi	r22, 0x01	; 1
 76a:	70 40       	sbci	r23, 0x00	; 0
 76c:	01 10       	cpse	r0, r1
 76e:	d8 f7       	brcc	.-10     	; 0x766 <strnlen_P+0x2>
 770:	80 95       	com	r24
 772:	90 95       	com	r25
 774:	8e 0f       	add	r24, r30
 776:	9f 1f       	adc	r25, r31
 778:	08 95       	ret

0000077a <strnlen>:
 77a:	fc 01       	movw	r30, r24
 77c:	61 50       	subi	r22, 0x01	; 1
 77e:	70 40       	sbci	r23, 0x00	; 0
 780:	01 90       	ld	r0, Z+
 782:	01 10       	cpse	r0, r1
 784:	d8 f7       	brcc	.-10     	; 0x77c <strnlen+0x2>
 786:	80 95       	com	r24
 788:	90 95       	com	r25
 78a:	8e 0f       	add	r24, r30
 78c:	9f 1f       	adc	r25, r31
 78e:	08 95       	ret

00000790 <fgetc>:
 790:	cf 93       	push	r28
 792:	df 93       	push	r29
 794:	ec 01       	movw	r28, r24
 796:	2b 81       	ldd	r18, Y+3	; 0x03
 798:	20 ff       	sbrs	r18, 0
 79a:	33 c0       	rjmp	.+102    	; 0x802 <__DATA_REGION_LENGTH__+0x2>
 79c:	26 ff       	sbrs	r18, 6
 79e:	0a c0       	rjmp	.+20     	; 0x7b4 <fgetc+0x24>
 7a0:	2f 7b       	andi	r18, 0xBF	; 191
 7a2:	2b 83       	std	Y+3, r18	; 0x03
 7a4:	8e 81       	ldd	r24, Y+6	; 0x06
 7a6:	9f 81       	ldd	r25, Y+7	; 0x07
 7a8:	01 96       	adiw	r24, 0x01	; 1
 7aa:	9f 83       	std	Y+7, r25	; 0x07
 7ac:	8e 83       	std	Y+6, r24	; 0x06
 7ae:	8a 81       	ldd	r24, Y+2	; 0x02
 7b0:	90 e0       	ldi	r25, 0x00	; 0
 7b2:	29 c0       	rjmp	.+82     	; 0x806 <__DATA_REGION_LENGTH__+0x6>
 7b4:	22 ff       	sbrs	r18, 2
 7b6:	0f c0       	rjmp	.+30     	; 0x7d6 <fgetc+0x46>
 7b8:	e8 81       	ld	r30, Y
 7ba:	f9 81       	ldd	r31, Y+1	; 0x01
 7bc:	80 81       	ld	r24, Z
 7be:	08 2e       	mov	r0, r24
 7c0:	00 0c       	add	r0, r0
 7c2:	99 0b       	sbc	r25, r25
 7c4:	00 97       	sbiw	r24, 0x00	; 0
 7c6:	19 f4       	brne	.+6      	; 0x7ce <fgetc+0x3e>
 7c8:	20 62       	ori	r18, 0x20	; 32
 7ca:	2b 83       	std	Y+3, r18	; 0x03
 7cc:	1a c0       	rjmp	.+52     	; 0x802 <__DATA_REGION_LENGTH__+0x2>
 7ce:	31 96       	adiw	r30, 0x01	; 1
 7d0:	f9 83       	std	Y+1, r31	; 0x01
 7d2:	e8 83       	st	Y, r30
 7d4:	0e c0       	rjmp	.+28     	; 0x7f2 <fgetc+0x62>
 7d6:	ea 85       	ldd	r30, Y+10	; 0x0a
 7d8:	fb 85       	ldd	r31, Y+11	; 0x0b
 7da:	09 95       	icall
 7dc:	97 ff       	sbrs	r25, 7
 7de:	09 c0       	rjmp	.+18     	; 0x7f2 <fgetc+0x62>
 7e0:	2b 81       	ldd	r18, Y+3	; 0x03
 7e2:	01 96       	adiw	r24, 0x01	; 1
 7e4:	11 f0       	breq	.+4      	; 0x7ea <fgetc+0x5a>
 7e6:	80 e2       	ldi	r24, 0x20	; 32
 7e8:	01 c0       	rjmp	.+2      	; 0x7ec <fgetc+0x5c>
 7ea:	80 e1       	ldi	r24, 0x10	; 16
 7ec:	82 2b       	or	r24, r18
 7ee:	8b 83       	std	Y+3, r24	; 0x03
 7f0:	08 c0       	rjmp	.+16     	; 0x802 <__DATA_REGION_LENGTH__+0x2>
 7f2:	2e 81       	ldd	r18, Y+6	; 0x06
 7f4:	3f 81       	ldd	r19, Y+7	; 0x07
 7f6:	2f 5f       	subi	r18, 0xFF	; 255
 7f8:	3f 4f       	sbci	r19, 0xFF	; 255
 7fa:	3f 83       	std	Y+7, r19	; 0x07
 7fc:	2e 83       	std	Y+6, r18	; 0x06
 7fe:	99 27       	eor	r25, r25
 800:	02 c0       	rjmp	.+4      	; 0x806 <__DATA_REGION_LENGTH__+0x6>
 802:	8f ef       	ldi	r24, 0xFF	; 255
 804:	9f ef       	ldi	r25, 0xFF	; 255
 806:	df 91       	pop	r29
 808:	cf 91       	pop	r28
 80a:	08 95       	ret

0000080c <__ultoa_invert>:
 80c:	fa 01       	movw	r30, r20
 80e:	aa 27       	eor	r26, r26
 810:	28 30       	cpi	r18, 0x08	; 8
 812:	51 f1       	breq	.+84     	; 0x868 <__ultoa_invert+0x5c>
 814:	20 31       	cpi	r18, 0x10	; 16
 816:	81 f1       	breq	.+96     	; 0x878 <__ultoa_invert+0x6c>
 818:	e8 94       	clt
 81a:	6f 93       	push	r22
 81c:	6e 7f       	andi	r22, 0xFE	; 254
 81e:	6e 5f       	subi	r22, 0xFE	; 254
 820:	7f 4f       	sbci	r23, 0xFF	; 255
 822:	8f 4f       	sbci	r24, 0xFF	; 255
 824:	9f 4f       	sbci	r25, 0xFF	; 255
 826:	af 4f       	sbci	r26, 0xFF	; 255
 828:	b1 e0       	ldi	r27, 0x01	; 1
 82a:	3e d0       	rcall	.+124    	; 0x8a8 <__ultoa_invert+0x9c>
 82c:	b4 e0       	ldi	r27, 0x04	; 4
 82e:	3c d0       	rcall	.+120    	; 0x8a8 <__ultoa_invert+0x9c>
 830:	67 0f       	add	r22, r23
 832:	78 1f       	adc	r23, r24
 834:	89 1f       	adc	r24, r25
 836:	9a 1f       	adc	r25, r26
 838:	a1 1d       	adc	r26, r1
 83a:	68 0f       	add	r22, r24
 83c:	79 1f       	adc	r23, r25
 83e:	8a 1f       	adc	r24, r26
 840:	91 1d       	adc	r25, r1
 842:	a1 1d       	adc	r26, r1
 844:	6a 0f       	add	r22, r26
 846:	71 1d       	adc	r23, r1
 848:	81 1d       	adc	r24, r1
 84a:	91 1d       	adc	r25, r1
 84c:	a1 1d       	adc	r26, r1
 84e:	20 d0       	rcall	.+64     	; 0x890 <__ultoa_invert+0x84>
 850:	09 f4       	brne	.+2      	; 0x854 <__ultoa_invert+0x48>
 852:	68 94       	set
 854:	3f 91       	pop	r19
 856:	2a e0       	ldi	r18, 0x0A	; 10
 858:	26 9f       	mul	r18, r22
 85a:	11 24       	eor	r1, r1
 85c:	30 19       	sub	r19, r0
 85e:	30 5d       	subi	r19, 0xD0	; 208
 860:	31 93       	st	Z+, r19
 862:	de f6       	brtc	.-74     	; 0x81a <__ultoa_invert+0xe>
 864:	cf 01       	movw	r24, r30
 866:	08 95       	ret
 868:	46 2f       	mov	r20, r22
 86a:	47 70       	andi	r20, 0x07	; 7
 86c:	40 5d       	subi	r20, 0xD0	; 208
 86e:	41 93       	st	Z+, r20
 870:	b3 e0       	ldi	r27, 0x03	; 3
 872:	0f d0       	rcall	.+30     	; 0x892 <__ultoa_invert+0x86>
 874:	c9 f7       	brne	.-14     	; 0x868 <__ultoa_invert+0x5c>
 876:	f6 cf       	rjmp	.-20     	; 0x864 <__ultoa_invert+0x58>
 878:	46 2f       	mov	r20, r22
 87a:	4f 70       	andi	r20, 0x0F	; 15
 87c:	40 5d       	subi	r20, 0xD0	; 208
 87e:	4a 33       	cpi	r20, 0x3A	; 58
 880:	18 f0       	brcs	.+6      	; 0x888 <__ultoa_invert+0x7c>
 882:	49 5d       	subi	r20, 0xD9	; 217
 884:	31 fd       	sbrc	r19, 1
 886:	40 52       	subi	r20, 0x20	; 32
 888:	41 93       	st	Z+, r20
 88a:	02 d0       	rcall	.+4      	; 0x890 <__ultoa_invert+0x84>
 88c:	a9 f7       	brne	.-22     	; 0x878 <__ultoa_invert+0x6c>
 88e:	ea cf       	rjmp	.-44     	; 0x864 <__ultoa_invert+0x58>
 890:	b4 e0       	ldi	r27, 0x04	; 4
 892:	a6 95       	lsr	r26
 894:	97 95       	ror	r25
 896:	87 95       	ror	r24
 898:	77 95       	ror	r23
 89a:	67 95       	ror	r22
 89c:	ba 95       	dec	r27
 89e:	c9 f7       	brne	.-14     	; 0x892 <__ultoa_invert+0x86>
 8a0:	00 97       	sbiw	r24, 0x00	; 0
 8a2:	61 05       	cpc	r22, r1
 8a4:	71 05       	cpc	r23, r1
 8a6:	08 95       	ret
 8a8:	9b 01       	movw	r18, r22
 8aa:	ac 01       	movw	r20, r24
 8ac:	0a 2e       	mov	r0, r26
 8ae:	06 94       	lsr	r0
 8b0:	57 95       	ror	r21
 8b2:	47 95       	ror	r20
 8b4:	37 95       	ror	r19
 8b6:	27 95       	ror	r18
 8b8:	ba 95       	dec	r27
 8ba:	c9 f7       	brne	.-14     	; 0x8ae <__ultoa_invert+0xa2>
 8bc:	62 0f       	add	r22, r18
 8be:	73 1f       	adc	r23, r19
 8c0:	84 1f       	adc	r24, r20
 8c2:	95 1f       	adc	r25, r21
 8c4:	a0 1d       	adc	r26, r0
 8c6:	08 95       	ret

000008c8 <__prologue_saves__>:
 8c8:	2f 92       	push	r2
 8ca:	3f 92       	push	r3
 8cc:	4f 92       	push	r4
 8ce:	5f 92       	push	r5
 8d0:	6f 92       	push	r6
 8d2:	7f 92       	push	r7
 8d4:	8f 92       	push	r8
 8d6:	9f 92       	push	r9
 8d8:	af 92       	push	r10
 8da:	bf 92       	push	r11
 8dc:	cf 92       	push	r12
 8de:	df 92       	push	r13
 8e0:	ef 92       	push	r14
 8e2:	ff 92       	push	r15
 8e4:	0f 93       	push	r16
 8e6:	1f 93       	push	r17
 8e8:	cf 93       	push	r28
 8ea:	df 93       	push	r29
 8ec:	cd b7       	in	r28, 0x3d	; 61
 8ee:	de b7       	in	r29, 0x3e	; 62
 8f0:	ca 1b       	sub	r28, r26
 8f2:	db 0b       	sbc	r29, r27
 8f4:	0f b6       	in	r0, 0x3f	; 63
 8f6:	f8 94       	cli
 8f8:	de bf       	out	0x3e, r29	; 62
 8fa:	0f be       	out	0x3f, r0	; 63
 8fc:	cd bf       	out	0x3d, r28	; 61
 8fe:	09 94       	ijmp

00000900 <__epilogue_restores__>:
 900:	2a 88       	ldd	r2, Y+18	; 0x12
 902:	39 88       	ldd	r3, Y+17	; 0x11
 904:	48 88       	ldd	r4, Y+16	; 0x10
 906:	5f 84       	ldd	r5, Y+15	; 0x0f
 908:	6e 84       	ldd	r6, Y+14	; 0x0e
 90a:	7d 84       	ldd	r7, Y+13	; 0x0d
 90c:	8c 84       	ldd	r8, Y+12	; 0x0c
 90e:	9b 84       	ldd	r9, Y+11	; 0x0b
 910:	aa 84       	ldd	r10, Y+10	; 0x0a
 912:	b9 84       	ldd	r11, Y+9	; 0x09
 914:	c8 84       	ldd	r12, Y+8	; 0x08
 916:	df 80       	ldd	r13, Y+7	; 0x07
 918:	ee 80       	ldd	r14, Y+6	; 0x06
 91a:	fd 80       	ldd	r15, Y+5	; 0x05
 91c:	0c 81       	ldd	r16, Y+4	; 0x04
 91e:	1b 81       	ldd	r17, Y+3	; 0x03
 920:	aa 81       	ldd	r26, Y+2	; 0x02
 922:	b9 81       	ldd	r27, Y+1	; 0x01
 924:	ce 0f       	add	r28, r30
 926:	d1 1d       	adc	r29, r1
 928:	0f b6       	in	r0, 0x3f	; 63
 92a:	f8 94       	cli
 92c:	de bf       	out	0x3e, r29	; 62
 92e:	0f be       	out	0x3f, r0	; 63
 930:	cd bf       	out	0x3d, r28	; 61
 932:	ed 01       	movw	r28, r26
 934:	08 95       	ret

00000936 <_exit>:
 936:	f8 94       	cli

00000938 <__stop_program>:
 938:	ff cf       	rjmp	.-2      	; 0x938 <__stop_program>
